[www.SwiftEdgeCapita.com/index.html]
[backblue.gif]
[fade.gif]
[index.html]
[www.SwiftEdgeCapita.com/assets/images/favicon.png]
[www.SwiftEdgeCapita.com/assets/css/bootstrap.min.css]
[www.SwiftEdgeCapita.com/assets/css/aos.css]
[www.SwiftEdgeCapita.com/assets/css/toastr.css]
[www.SwiftEdgeCapita.com/assets/css/all.min.css]
[www.SwiftEdgeCapita.com/assets/css/swiper-bundle.min.css]
[www.SwiftEdgeCapita.com/assets/css/style.css]
[www.SwiftEdgeCapita.com/assets/images/logo/preloader.png]
[www.SwiftEdgeCapita.com/assets/images/icon/moon.svg]
[www.SwiftEdgeCapita.com/assets/images/logo/logo.png]
[www.SwiftEdgeCapita.com/about.html]
[www.SwiftEdgeCapita.com/buy-crypto.html]
[www.SwiftEdgeCapita.com/copy-trading.html]
[www.SwiftEdgeCapita.com/markets6a59.html]
[www.SwiftEdgeCapita.com/markets944c.html]
[www.SwiftEdgeCapita.com/markets0581.html]
[www.SwiftEdgeCapita.com/licenses.html]
[www.SwiftEdgeCapita.com/contact.html]
[www.SwiftEdgeCapita.com/signin.html]
[www.SwiftEdgeCapita.com/signup.html]
[www.SwiftEdgeCapita.com/assets/images/banner/home1/bg.png]
[www.SwiftEdgeCapita.com/assets/images/banner/home1/3.png]
[www.SwiftEdgeCapita.com/assets/images/banner/home1/1.png]
[www.SwiftEdgeCapita.com/assets/images/banner/home1/4.png]
[www.SwiftEdgeCapita.com/assets/images/partner/light/1.png]
[www.SwiftEdgeCapita.com/assets/images/partner/light/2.png]
[www.SwiftEdgeCapita.com/assets/images/partner/light/3.png]
[www.SwiftEdgeCapita.com/assets/images/partner/light/4.png]
[www.SwiftEdgeCapita.com/assets/images/partner/light/5.png]
[www.SwiftEdgeCapita.com/assets/images/about/1.png]
[www.SwiftEdgeCapita.com/assets/images/service/1.png]
[www.SwiftEdgeCapita.com/assets/images/service/2.png]
[www.SwiftEdgeCapita.com/assets/images/service/3.png]
[www.SwiftEdgeCapita.com/assets/images/service/4.png]
[www.SwiftEdgeCapita.com/assets/images/service/5.png]
[www.SwiftEdgeCapita.com/assets/images/service/6.png]
[www.SwiftEdgeCapita.com/assets/images/icon/check.svg]
[www.SwiftEdgeCapita.com/assets/images/icon/1.png]
[www.SwiftEdgeCapita.com/assets/images/about/home3/1.png]
[www.SwiftEdgeCapita.com/assets/images/about/home3/5.png]
[www.SwiftEdgeCapita.com/assets/images/banner/home3/2.png]
[www.SwiftEdgeCapita.com/assets/images/about/home3/check.png]
[www.SwiftEdgeCapita.com/assets/images/about/home3/2.png]
[www.SwiftEdgeCapita.com/assets/images/feature/home3/bg.png]
[www.SwiftEdgeCapita.com/assets/images/feature/home3/1.png]
[www.SwiftEdgeCapita.com/assets/images/feature/home3/2.png]
[www.SwiftEdgeCapita.com/assets/images/feature/home3/3.png]
[www.SwiftEdgeCapita.com/assets/images/feature/home3/4.png]
[www.SwiftEdgeCapita.com/assets/images/feature/home3/7.png]
[www.SwiftEdgeCapita.com/assets/images/feature/home3/6.png]
[www.SwiftEdgeCapita.com/assets/images/feature/home3/5.png]
[www.SwiftEdgeCapita.com/assets/images/bg/wave-platformbg.jpg]
[www.SwiftEdgeCapita.com/assets/images/bg/in-wave-mockup-5.png]
[www.SwiftEdgeCapita.com/assets/images/logo/logo-dark.png]
[www.SwiftEdgeCapita.com/terms.html]
[www.SwiftEdgeCapita.com/privacy-policy.html]
[www.SwiftEdgeCapita.com/risk-disclosure.html]
[www.SwiftEdgeCapita.com/stock-trading.html]
[www.SwiftEdgeCapita.com/forex-trading.html]
[www.SwiftEdgeCapita.com/crypto.html]
[www.SwiftEdgeCapita.com/assets/images/footer/1.png]
[www.SwiftEdgeCapita.com/assets/js/jquery-3.4.1.min.js]
[www.SwiftEdgeCapita.com/assets/js/bootstrap.bundle.min.js]
[www.SwiftEdgeCapita.com/assets/js/swiper-bundle.min.js]
[www.SwiftEdgeCapita.com/assets/js/aos.js]
[www.SwiftEdgeCapita.com/assets/js/toastr.js]
[www.SwiftEdgeCapita.com/assets/js/all.min.js]
[www.SwiftEdgeCapita.com/assets/js/fslightbox.js]
[www.SwiftEdgeCapita.com/assets/js/purecounter_vanilla.js]
[www.SwiftEdgeCapita.com/assets/js/custom.js]
[cdnjs.cloudflare.com/ajax/libs/Faker/3.1.0/faker.min.js]
[cdn.gtranslate.net/widgets/v1.0.1/float.js]
[www.smartsuppchat.com/loaderd41d.js]
[www.SwiftEdgeCapita.com/index.html]
[www.SwiftEdgeCapita.com/assets/css/bootstrap.min.css]
[www.SwiftEdgeCapita.com/assets/css/aos.css]
[www.SwiftEdgeCapita.com/assets/css/toastr.css]
[www.SwiftEdgeCapita.com/assets/webfonts/fa-brands-400.woff2]
[www.SwiftEdgeCapita.com/assets/webfonts/fa-regular-400.woff2]
[www.SwiftEdgeCapita.com/assets/webfonts/fa-brands-400.ttf]
[www.SwiftEdgeCapita.com/assets/webfonts/fa-regular-400.ttf]
[www.SwiftEdgeCapita.com/assets/webfonts/fa-solid-900.woff2]
[www.SwiftEdgeCapita.com/assets/webfonts/fa-v4compatibility.woff2]
[www.SwiftEdgeCapita.com/assets/webfonts/fa-v4compatibility.ttf]
[www.SwiftEdgeCapita.com/assets/css/all.min.css]
[www.SwiftEdgeCapita.com/assets/css/swiper-bundle.min.css]
[www.SwiftEdgeCapita.com/assets/webfonts/fa-solid-900.ttf]
[www.SwiftEdgeCapita.com/assets/images/banner/home5/bg.svg]
[www.SwiftEdgeCapita.com/assets/css/style.css]
[www.SwiftEdgeCapita.com/assets/images/icon/moon.svg]
[www.SwiftEdgeCapita.com/assets/images/header/1.png]
[www.SwiftEdgeCapita.com/assets/images/header/2.png]
[www.SwiftEdgeCapita.com/about.html]
[www.SwiftEdgeCapita.com/buy-crypto.html]
[www.SwiftEdgeCapita.com/copy-trading.html]
[s3.tradingview.com/external-embedding/embed-widget-screener.js]
[www.SwiftEdgeCapita.com/markets6a59.html]
[s3.tradingview.com/external-embedding/embed-widget-market-overview.js]
[www.SwiftEdgeCapita.com/markets944c.html]
[www.SwiftEdgeCapita.com/markets0581.html]
[www.SwiftEdgeCapita.com/license/storage/app/public/photos/bOozMCUYnEEWij3fvWoXRNrU4NN7bLVYzhNvdw1m.png]
[www.SwiftEdgeCapita.com/license/storage/app/public/photos/6Ht6fEx1G7l1T8nwPXalso3kh0bNsRekq53e2aAs.png]
[www.SwiftEdgeCapita.com/license/temp/custom/assets/build/fonts/blacker-display-bold.woff]
[www.SwiftEdgeCapita.com/license/temp/custom/assets/build/fonts/tt-norms-bold.ttf]
[www.SwiftEdgeCapita.com/license/temp/custom/assets/build/fonts/tt-norms-medium.ttf]
[www.SwiftEdgeCapita.com/license/temp/custom/assets/build/main.1e8dd4319d445a1be5fb.css]
[www.SwiftEdgeCapita.com/license/temp/custom/slide.css]
[www.SwiftEdgeCapita.com/license/temp/custom/assets/build/fonts/tt-norms-regular.ttf]
[www.SwiftEdgeCapita.com/license/temp/custom/media/pages/licenses-and-registrations/2ffe9a0852-1631610934/logo-financial-crimes-enforcement-network.png]
[www.SwiftEdgeCapita.com/license/temp/custom/media/pages/licenses-and-registrations/d3eab92c57-1631610933/logo-alabama.png]
[www.SwiftEdgeCapita.com/license/temp/custom/media/pages/licenses-and-registrations/a852684edf-1640002028/logo-alabama-security-commission.png]
[www.SwiftEdgeCapita.com/license/temp/custom/media/pages/licenses-and-registrations/1a399c1e18-1631610933/logo-arizona.png]
[www.SwiftEdgeCapita.com/license/temp/custom/media/pages/licenses-and-registrations/97d0db25a4-1635780273/logo-arkansas.png]
[www.SwiftEdgeCapita.com/license/temp/custom/media/pages/licenses-and-registrations/fd30768a3e-1631610934/logo-dfpi.png]
[www.SwiftEdgeCapita.com/license/temp/custom/media/pages/licenses-and-registrations/2e873eb81e-1631610934/logo-dc-gov.png]
[www.SwiftEdgeCapita.com/license/temp/custom/media/pages/licenses-and-registrations/2fd83bdd55-1631610934/logo-delaware.png]
[www.SwiftEdgeCapita.com/license/temp/custom/media/pages/licenses-and-registrations/1ad6784f33-1635420912/logo-georgia.png]
[www.SwiftEdgeCapita.com/license/temp/custom/media/pages/licenses-and-registrations/198f2e720b-1631610934/logo-idaho.svg]
[www.SwiftEdgeCapita.com/license/temp/custom/media/pages/licenses-and-registrations/6ff72add4c-1631610934/logo-idfpr.png]
[www.SwiftEdgeCapita.com/license/temp/custom/media/pages/licenses-and-registrations/2c24331e94-1643022982/logo-idob.png]
[www.SwiftEdgeCapita.com/license/temp/custom/media/pages/licenses-and-registrations/8b0d2525c6-1631610934/logo-kansas.png]
[www.SwiftEdgeCapita.com/license/temp/custom/media/pages/licenses-and-registrations/5e23fa330b-1636552997/logo-maryland-gov.png]
[www.SwiftEdgeCapita.com/license/temp/custom/media/pages/licenses-and-registrations/2d89b253cc-1631610934/logo-department-of-commerce.png]
[www.SwiftEdgeCapita.com/license/temp/custom/media/pages/licenses-and-registrations/08eaba8c17-1631610934/logo-mississippi.png]
[www.SwiftEdgeCapita.com/license/temp/custom/media/pages/licenses-and-registrations/df41921a98-1631610934/logo-missouri-df.png]
[www.SwiftEdgeCapita.com/license/temp/custom/media/pages/licenses-and-registrations/141602dddc-1634547676/mda240x240.jpg]
[www.SwiftEdgeCapita.com/license/temp/custom/media/pages/licenses-and-registrations/5442145972-1631610934/logo-new-hampshire-bd.png]
[www.SwiftEdgeCapita.com/license/temp/custom/media/pages/licenses-and-registrations/93c0ae12eb-1641563536/logo-north-dakota.png]
[www.SwiftEdgeCapita.com/license/temp/custom/media/pages/licenses-and-registrations/ff662b408d-1631610934/logo-oregon.svg]
[www.SwiftEdgeCapita.com/license/temp/custom/media/pages/licenses-and-registrations/60d32c0875-1636023089/logo-pennsylvania.png]
[www.SwiftEdgeCapita.com/license/temp/custom/media/pages/licenses-and-registrations/7051e35de6-1637682840/logo-dlrl.png]
[www.SwiftEdgeCapita.com/license/temp/custom/media/pages/licenses-and-registrations/b54b720bcf-1631610934/logo-dfi.png]
[www.SwiftEdgeCapita.com/license/temp/custom/media/pages/licenses-and-registrations/3befe6664f-1646222458/logo-wvgov.png]
[www.SwiftEdgeCapita.com/license/temp/custom/media/pages/licenses-and-registrations/7a6c8b80bd-1631610934/logo-wyoming.png]
[www.SwiftEdgeCapita.com/license/temp/custom/media/pages/licenses-and-registrations/7db0f863f7-1631610934/logo-fintrac-canafe.png]
[www.SwiftEdgeCapita.com/license/temp/custom/media/pages/licenses-and-registrations/d7ec433a06-1631610933/flag-swiss.png]
[www.SwiftEdgeCapita.com/license/temp/custom/media/pages/licenses-and-registrations/03bc08a57e-1631610934/logo-australian-securities-investment-commission.png]
[www.SwiftEdgeCapita.com/license/temp/custom/media/pages/licenses-and-registrations/b649e1a148-1631610934/logo-companies-registry.png]
[www.SwiftEdgeCapita.com/license/temp/custom/media/pages/licenses-and-registrations/eb878ac894-1631887530/logo-fntt.png]
[www.SwiftEdgeCapita.com/license/temp/custom/assets/build/main.1e8dd4319d445a1be5fb.js]
[www.SwiftEdgeCapita.com/license/temp/custom/assets/browser-notice.js]
[www.SwiftEdgeCapita.com/licenses.html]
[www.SwiftEdgeCapita.com/assets/images/contact/1.png]
[www.SwiftEdgeCapita.com/assets/images/contact/2.png]
[www.SwiftEdgeCapita.com/assets/images/contact/3.png]
[www.SwiftEdgeCapita.com/assets/images/contact/4.png]
[www.SwiftEdgeCapita.com/contact.html]
[www.SwiftEdgeCapita.com/assets/images/account/1.png]
[www.SwiftEdgeCapita.com/forgot-password.html]
[www.SwiftEdgeCapita.com/signin.html]
[www.SwiftEdgeCapita.com/signup.html]
[www.SwiftEdgeCapita.com/assets/images/icon/check.svg]
[www.SwiftEdgeCapita.com/assets/images/testimonials/index.html]
[www.SwiftEdgeCapita.com/terms.html]
[www.SwiftEdgeCapita.com/privacy-policy.html]
[www.SwiftEdgeCapita.com/risk-disclosure.html]
[www.SwiftEdgeCapita.com/stock-trading.html]
[www.SwiftEdgeCapita.com/forex-trading.html]
[www.SwiftEdgeCapita.com/crypto.html]
[www.SwiftEdgeCapita.com/assets/js/jquery-3.4.1.min.js]
[www.SwiftEdgeCapita.com/assets/js/bootstrap.bundle.min.js]
[www.SwiftEdgeCapita.com/assets/js/all.min.js]
[www.SwiftEdgeCapita.com/assets/js/swiper-bundle.min.js]
[www.SwiftEdgeCapita.com/assets/js/aos.js]
[www.SwiftEdgeCapita.com/assets/js/toastr.js]
[www.SwiftEdgeCapita.com/assets/js/fslightbox.js]
[www.SwiftEdgeCapita.com/assets/js/purecounter_vanilla.js]
[www.SwiftEdgeCapita.com/assets/images/icon/sun.svg]
[www.SwiftEdgeCapita.com/assets/js/custom.js]
[www.SwiftEdgeCapita.com/assets/images/banner/home5/bg.svg]
[www.SwiftEdgeCapita.com/license/temp/custom/assets/build/main.1e8dd4319d445a1be5fb.css]
[www.SwiftEdgeCapita.com/license/temp/custom/slide.css]
[www.SwiftEdgeCapita.com/license/temp/custom/media/pages/licenses-and-registrations/198f2e720b-1631610934/logo-idaho.svg]
[www.SwiftEdgeCapita.com/license/temp/custom/media/pages/licenses-and-registrations/ff662b408d-1631610934/logo-oregon.svg]
[www.SwiftEdgeCapita.com/license/temp/custom/assets/build/main.1e8dd4319d445a1be5fb.js]
[www.SwiftEdgeCapita.com/license/temp/custom/assets/browser-notice.js]
[www.SwiftEdgeCapita.com/forgot-password.html]
[www.SwiftEdgeCapita.com/Trident/index.html]
[www.SwiftEdgeCapita.com/dist/index.html]
[www.SwiftEdgeCapita.com/assets/images/icon/sun.svg]
[www.SwiftEdgeCapita.com/assets/build/index.html]
